// Jest Snapshot v1, https://goo.gl/fbAQLP

exports[`TEST APP Should render <App /> 1`] = `
<input
  placeholder="input value..."
  type="text"
/>
`;
